../Drivers/CMSIS/Include/core_cm4.h:2064:26:ITM_SendChar	16	static,ignoring_inline_asm
../Core/Src/main.c:72:5:main	72	static
../Core/Src/main.c:149:6:SystemClock_Config	88	static
../Core/Src/main.c:196:13:MX_USART2_UART_Init	8	static
../Core/Src/main.c:229:13:MX_GPIO_Init	48	static
../Core/Src/main.c:262:5:_write	32	static
../Core/Src/main.c:282:6:StartTask1	16	static
../Core/Src/main.c:301:6:StartTask2	16	static
../Core/Src/main.c:343:6:HAL_TIM_PeriodElapsedCallback	16	static
../Core/Src/main.c:360:6:Error_Handler	4	static,ignoring_inline_asm
