12:07:47 **** Incremental Build of configuration Debug for project ADC_READ_ANALOG_VALUES ****
make -j4 all 
arm-none-eabi-gcc "../Core/Src/main.c" -mcpu=cortex-m4 -std=gnu11 -g3 -DDEBUG -DUSE_HAL_DRIVER -DSTM32F401xE -c -I../Core/Inc -I../Drivers/STM32F4xx_HAL_Driver/Inc -I../Drivers/STM32F4xx_HAL_Driver/Inc/Legacy -I../Drivers/CMSIS/Device/ST/STM32F4xx/Include -I../Drivers/CMSIS/Include -O0 -ffunction-sections -fdata-sections -Wall -fstack-usage -fcyclomatic-complexity -MMD -MP -MF"Core/Src/main.d" -MT"Core/Src/main.o" --specs=nano.specs -mfpu=fpv4-sp-d16 -mfloat-abi=hard -mthumb -o "Core/Src/main.o"
../Core/Src/main.c: In function 'main':
../Core/Src/main.c:113:38: warning: passing argument 2 of 'HAL_UART_Transmit' makes pointer from integer without a cast [-Wint-conversion]
  113 |           HAL_UART_Transmit(&huart2, analog_val, sizeof(analog_val), 100);
      |                                      ^~~~~~~~~~
      |                                      |
      |                                      unsigned int
In file included from ../Core/Inc/stm32f4xx_hal_conf.h:411,
                 from ../Drivers/STM32F4xx_HAL_Driver/Inc/stm32f4xx_hal.h:29,
                 from ../Core/Inc/main.h:30,
                 from ../Core/Src/main.c:20:
../Drivers/STM32F4xx_HAL_Driver/Inc/stm32f4xx_hal_uart.h:745:79: note: expected 'const uint8_t *' {aka 'const unsigned char *'} but argument is of type 'unsigned int'
  745 | HAL_StatusTypeDef HAL_UART_Transmit(UART_HandleTypeDef *huart, const uint8_t *pData, uint16_t Size, uint32_t Timeout);
      |                                                                ~~~~~~~~~~~~~~~^~~~~
../Core/Src/main.c:73:33: warning: unused variable 'c' [-Wunused-variable]
   73 |         unsigned int analog_val,c;
      |                                 ^
arm-none-eabi-gcc -o "ADC_READ_ANALOG_VALUES.elf" @"objects.list"   -mcpu=cortex-m4 -T"C:\Users\vlab\STM32CubeIDE\workspace_1.14.1\ADC_READ_ANALOG_VALUES\STM32F401RETX_FLASH.ld" --specs=nosys.specs -Wl,-Map="ADC_READ_ANALOG_VALUES.map" -Wl,--gc-sections -static --specs=nano.specs -mfpu=fpv4-sp-d16 -mfloat-abi=hard -mthumb -Wl,--start-group -lc -lm -Wl,--end-group
Finished building target: ADC_READ_ANALOG_VALUES.elf
 
arm-none-eabi-size  ADC_READ_ANALOG_VALUES.elf 
arm-none-eabi-objdump -h -S ADC_READ_ANALOG_VALUES.elf  > "ADC_READ_ANALOG_VALUES.list"
   text	   data	    bss	    dec	    hex	filename
  10728	     20	   1716	  12464	   30b0	ADC_READ_ANALOG_VALUES.elf
Finished building: default.size.stdout
 
Finished building: ADC_READ_ANALOG_VALUES.list
 

12:07:49 Build Finished. 0 errors, 2 warnings. (took 1s.752ms)

