10:03:28 **** Incremental Build of configuration Debug for project GPIO_INPUT ****
make -j4 all 
arm-none-eabi-gcc "../Core/Src/main.c" -mcpu=cortex-m4 -std=gnu11 -g3 -DDEBUG -DUSE_HAL_DRIVER -DSTM32F401xE -c -I../Core/Inc -I../Drivers/STM32F4xx_HAL_Driver/Inc -I../Drivers/STM32F4xx_HAL_Driver/Inc/Legacy -I../Drivers/CMSIS/Device/ST/STM32F4xx/Include -I../Drivers/CMSIS/Include -O0 -ffunction-sections -fdata-sections -Wall -fstack-usage -fcyclomatic-complexity -MMD -MP -MF"Core/Src/main.d" -MT"Core/Src/main.o" --specs=nano.specs -mfpu=fpv4-sp-d16 -mfloat-abi=hard -mthumb -o "Core/Src/main.o"
arm-none-eabi-gcc -o "GPIO_INPUT.elf" @"objects.list"   -mcpu=cortex-m4 -T"C:\Users\vlab\STM32CubeIDE\workspace_1.14.1\GPIO_INPUT\STM32F401RETX_FLASH.ld" --specs=nosys.specs -Wl,-Map="GPIO_INPUT.map" -Wl,--gc-sections -static --specs=nano.specs -mfpu=fpv4-sp-d16 -mfloat-abi=hard -mthumb -Wl,--start-group -lc -lm -Wl,--end-group
Finished building target: GPIO_INPUT.elf
 
arm-none-eabi-size  GPIO_INPUT.elf 
arm-none-eabi-objdump -h -S GPIO_INPUT.elf  > "GPIO_INPUT.list"
   text	   data	    bss	    dec	    hex	filename
   7788	     20	   1644	   9452	   24ec	GPIO_INPUT.elf
Finished building: default.size.stdout
 
Finished building: GPIO_INPUT.list
 

10:03:29 Build Finished. 0 errors, 0 warnings. (took 1s.372ms)

