11:56:50 **** Incremental Build of configuration Debug for project I2C_temp_sensor ****
make -j4 all 
arm-none-eabi-gcc "../Core/Src/main.c" -mcpu=cortex-m4 -std=gnu11 -g3 -DDEBUG -DUSE_HAL_DRIVER -DSTM32F401xE -c -I../Core/Inc -I../Drivers/STM32F4xx_HAL_Driver/Inc -I../Drivers/STM32F4xx_HAL_Driver/Inc/Legacy -I../Drivers/CMSIS/Device/ST/STM32F4xx/Include -I../Drivers/CMSIS/Include -O0 -ffunction-sections -fdata-sections -Wall -fstack-usage -fcyclomatic-complexity -MMD -MP -MF"Core/Src/main.d" -MT"Core/Src/main.o" --specs=nano.specs -mfpu=fpv4-sp-d16 -mfloat-abi=hard -mthumb -o "Core/Src/main.o"
arm-none-eabi-gcc -o "I2C_temp_sensor.elf" @"objects.list"   -mcpu=cortex-m4 -T"C:\Users\vlab\STM32CubeIDE\workspace_1.14.1\I2C_temp_sensor\STM32F401RETX_FLASH.ld" --specs=nosys.specs -Wl,-Map="I2C_temp_sensor.map" -Wl,--gc-sections -static --specs=nano.specs -mfpu=fpv4-sp-d16 -mfloat-abi=hard -mthumb -Wl,--start-group -lc -lm -Wl,--end-group
Finished building target: I2C_temp_sensor.elf
 
arm-none-eabi-size  I2C_temp_sensor.elf 
arm-none-eabi-objdump -h -S I2C_temp_sensor.elf  > "I2C_temp_sensor.list"
   text	   data	    bss	    dec	    hex	filename
  17300	    100	   2060	  19460	   4c04	I2C_temp_sensor.elf
Finished building: default.size.stdout
 
Finished building: I2C_temp_sensor.list
 

11:56:51 Build Finished. 0 errors, 0 warnings. (took 1s.419ms)

