16:01:18 **** Incremental Build of configuration Debug for project UART_Receive_Polling_method ****
make -j4 all 
arm-none-eabi-gcc "../Core/Src/main.c" -mcpu=cortex-m4 -std=gnu11 -g3 -DDEBUG -DUSE_HAL_DRIVER -DSTM32F401xE -c -I../Core/Inc -I../Drivers/STM32F4xx_HAL_Driver/Inc -I../Drivers/STM32F4xx_HAL_Driver/Inc/Legacy -I../Drivers/CMSIS/Device/ST/STM32F4xx/Include -I../Drivers/CMSIS/Include -O0 -ffunction-sections -fdata-sections -Wall -fstack-usage -fcyclomatic-complexity -MMD -MP -MF"Core/Src/main.d" -MT"Core/Src/main.o" --specs=nano.specs -mfpu=fpv4-sp-d16 -mfloat-abi=hard -mthumb -o "Core/Src/main.o"
arm-none-eabi-gcc -o "UART_Receive_Polling_method.elf" @"objects.list"   -mcpu=cortex-m4 -T"C:\Users\vlab\STM32CubeIDE\workspace_1.14.1\UART_Receive_Polling_method\STM32F401RETX_FLASH.ld" --specs=nosys.specs -Wl,-Map="UART_Receive_Polling_method.map" -Wl,--gc-sections -static --specs=nano.specs -mfpu=fpv4-sp-d16 -mfloat-abi=hard -mthumb -Wl,--start-group -lc -lm -Wl,--end-group
Finished building target: UART_Receive_Polling_method.elf
 
arm-none-eabi-size  UART_Receive_Polling_method.elf 
arm-none-eabi-objdump -h -S UART_Receive_Polling_method.elf  > "UART_Receive_Polling_method.list"
   text	   data	    bss	    dec	    hex	filename
   8740	     52	   1644	  10436	   28c4	UART_Receive_Polling_method.elf
Finished building: default.size.stdout
 
Finished building: UART_Receive_Polling_method.list
 

16:01:20 Build Finished. 0 errors, 0 warnings. (took 1s.358ms)

