16:25:14 **** Incremental Build of configuration Debug for project UART_printf ****
make -j4 all 
arm-none-eabi-gcc "../Core/Src/main.c" -mcpu=cortex-m4 -std=gnu11 -g3 -DDEBUG -DUSE_HAL_DRIVER -DSTM32F401xE -c -I../Core/Inc -I../Drivers/STM32F4xx_HAL_Driver/Inc -I../Drivers/STM32F4xx_HAL_Driver/Inc/Legacy -I../Drivers/CMSIS/Device/ST/STM32F4xx/Include -I../Drivers/CMSIS/Include -O0 -ffunction-sections -fdata-sections -Wall -fstack-usage -fcyclomatic-complexity -MMD -MP -MF"Core/Src/main.d" -MT"Core/Src/main.o" --specs=nano.specs -mfpu=fpv4-sp-d16 -mfloat-abi=hard -mthumb -o "Core/Src/main.o"
arm-none-eabi-gcc -o "UART_printf.elf" @"objects.list"   -mcpu=cortex-m4 -T"C:\Users\vlab\STM32CubeIDE\workspace_1.14.1\UART_printf\STM32F401RETX_FLASH.ld" --specs=nosys.specs -Wl,-Map="UART_printf.map" -Wl,--gc-sections -static --specs=nano.specs -mfpu=fpv4-sp-d16 -mfloat-abi=hard -mthumb -Wl,--start-group -lc -lm -Wl,--end-group
Finished building target: UART_printf.elf
 
arm-none-eabi-size  UART_printf.elf 
arm-none-eabi-objdump -h -S UART_printf.elf  > "UART_printf.list"
   text	   data	    bss	    dec	    hex	filename
  12576	    112	   1976	  14664	   3948	UART_printf.elf
Finished building: default.size.stdout
 
Finished building: UART_printf.list
 

16:25:15 Build Finished. 0 errors, 0 warnings. (took 1s.592ms)

